[dotenv@17.2.3] injecting env (9) from .env -- tip: Ô£à audit secrets and track compliance: https://dotenvx.com/ops
